// Jest Snapshot v1, https://goo.gl/fbAQLP

exports[`test Button test render contract render snap with all props 1`] = `
<button
  className="button"
  onClick={[MockFunction]}
  type="submit"
>
  <OpenSansText
    isButton={true}
    text="test_text"
  />
</button>
`;
