// Jest Snapshot v1, https://goo.gl/fbAQLP

exports[`test SendPage test render contract render snap with all props 1`] = `
<div
  className="send-page"
>
  <Sender />
</div>
`;
