// Jest Snapshot v1, https://goo.gl/fbAQLP

exports[`test App test render contract render snap with all props 1`] = `
<div
  className="global-wrapper"
>
  <MainWrapperMock />
</div>
`;
