// Jest Snapshot v1, https://goo.gl/fbAQLP

exports[`test MainWrapper test render contract render snap with all props 1`] = `
<div
  className="main-wrapper"
>
  <MainRouterLayout />
</div>
`;
