// Jest Snapshot v1, https://goo.gl/fbAQLP

exports[`test SVGIcon test render contract render snap with all props if is button 1`] = `
<object
  className="icon"
  data="test-path"
  type="image/svg+xml"
>
  &gt;Your browser does not support SVGs
</object>
`;
