// Jest Snapshot v1, https://goo.gl/fbAQLP

exports[`test ErrorMessageCustom test render contract render snap with all props 1`] = `
<span
  className="error-message-custom"
>
  error
</span>
`;
