// Jest Snapshot v1, https://goo.gl/fbAQLP

exports[`test test snap 1`] = `null`;
